<html>
<body>
<pre>
<h1>µVision Build Log</h1>
<h2>Project:</h2>
C:\Users\szymo\Desktop\AGH\SEMESTR 2\PPSW\UART DEKODOWANIE\UART_DEKODOWANIE.uvproj
Project File Date:  06/11/2025

<h2>Output:</h2>
Rebuild target 'Target 1'
assembling Startup.s...
compiling keyboard.c...
compiling led.c...
compiling main.c...
compiling servo.c...
compiling timer.c...
compiling timer_interrupts.c...
compiling uart.c...
compiling string.c...
compiling command_decoder.c...
linking...
Program Size: Code=3916 RO-data=32 RW-data=36 ZI-data=1340  
FromELF: creating hex file...
".\UART_DEKODOWANIE.axf" - 0 Errors, 0 Warning(s).
