<html>
<body>
<pre>
<h1>µVision Build Log</h1>
<h2>Project:</h2>
C:\Users\szymo\Desktop\AGH\SEMESTR 2\PPSW\UART NADAWANIE\UART_NADAWANIE.uvproj
Project File Date:  06/11/2025

<h2>Output:</h2>
Rebuild target 'Target 1'
assembling Startup.s...
compiling command_decoder.c...
compiling keyboard.c...
compiling led.c...
compiling main.c...
compiling servo.c...
compiling string.c...
compiling timer.c...
compiling timer_interrupts.c...
compiling uart.c...
linking...
Program Size: Code=4548 RO-data=32 RW-data=36 ZI-data=1364  
FromELF: creating hex file...
".\UART_NADAWANIE.axf" - 0 Errors, 0 Warning(s).
Rebuild target 'Target 1'
assembling Startup.s...
compiling command_decoder.c...
compiling keyboard.c...
compiling led.c...
compiling main.c...
compiling servo.c...
compiling string.c...
compiling timer.c...
compiling timer_interrupts.c...
compiling uart.c...
linking...
Program Size: Code=4524 RO-data=32 RW-data=36 ZI-data=1364  
FromELF: creating hex file...
".\UART_NADAWANIE.axf" - 0 Errors, 0 Warning(s).
Rebuild target 'Target 1'
assembling Startup.s...
compiling command_decoder.c...
compiling keyboard.c...
compiling led.c...
compiling main.c...
compiling servo.c...
compiling string.c...
compiling timer.c...
compiling timer_interrupts.c...
compiling uart.c...
linking...
Program Size: Code=4524 RO-data=32 RW-data=36 ZI-data=1364  
FromELF: creating hex file...
".\UART_NADAWANIE.axf" - 0 Errors, 0 Warning(s).
Rebuild target 'Target 1'
assembling Startup.s...
compiling command_decoder.c...
compiling keyboard.c...
compiling led.c...
compiling main.c...
compiling servo.c...
compiling string.c...
compiling timer.c...
compiling timer_interrupts.c...
compiling uart.c...
linking...
Program Size: Code=4508 RO-data=32 RW-data=36 ZI-data=1364  
FromELF: creating hex file...
".\UART_NADAWANIE.axf" - 0 Errors, 0 Warning(s).
Rebuild target 'Target 1'
assembling Startup.s...
compiling command_decoder.c...
compiling keyboard.c...
compiling led.c...
compiling main.c...
compiling servo.c...
compiling string.c...
compiling timer.c...
compiling timer_interrupts.c...
compiling uart.c...
uart.c(68): error:  #169: expected a declaration
uart.c(76): error:  #70: incomplete type is not allowed
uart.c(88): error:  #20: identifier "FREE" is undefined
uart.c(111): error:  #20: identifier "BUSY" is undefined
".\UART_NADAWANIE.axf" - 4 Errors, 0 Warning(s).
Target not created
Rebuild target 'Target 1'
assembling Startup.s...
compiling command_decoder.c...
compiling keyboard.c...
compiling led.c...
compiling main.c...
compiling servo.c...
compiling string.c...
compiling timer.c...
compiling timer_interrupts.c...
compiling uart.c...
linking...
Program Size: Code=4472 RO-data=32 RW-data=36 ZI-data=1364  
FromELF: creating hex file...
".\UART_NADAWANIE.axf" - 0 Errors, 0 Warning(s).
